// Vitest Snapshot v1, https://vitest.dev/guide/snapshot.html

exports[`struct-texture decode: emitted GLSL across scalar/vector field kinds 1`] = `
"#version 300 es

// Combined samplers
precision highp usampler2D;
uniform usampler2D u_t0;
uniform bool u_flipY_t0;
ivec2 _flipY2i(bool f, ivec2 c, int h) { return f ? ivec2(c.x, h - c.y - 1) : c; }

// Vertex shader
layout(location = 0) in vec3 a_position;

void main() {
    gl_Position = vec4(a_position, 1.0);
}

// ---- fragment stage ----

#version 300 es
precision highp float;
precision highp int;

// Combined samplers
precision highp usampler2D;
uniform usampler2D u_t0;
uniform bool u_flipY_t0;
ivec2 _flipY2i(bool f, ivec2 c, int h) { return f ? ivec2(c.x, h - c.y - 1) : c; }

// Fragment shader
layout(location = 0) out vec4 fragColor;

void main() {
    uint _mul = 0u * 5u;
    uint _add = _mul + 1u;
    uvec4 _v = texelFetch(u_t0, _flipY2i(u_flipY_t0, ivec2(int(_add % uvec2(textureSize(u_t0, 0)).x), int(_add / uvec2(textureSize(u_t0, 0)).x)), textureSize(u_t0, 0).y), 0);
    uint _add_1 = _mul + 2u;
    uvec4 _v_1 = texelFetch(u_t0, _flipY2i(u_flipY_t0, ivec2(int(_add_1 % uvec2(textureSize(u_t0, 0)).x), int(_add_1 / uvec2(textureSize(u_t0, 0)).x)), textureSize(u_t0, 0).y), 0);
    uint _add_2 = _mul + 3u;
    uvec4 _v_2 = texelFetch(u_t0, _flipY2i(u_flipY_t0, ivec2(int(_add_2 % uvec2(textureSize(u_t0, 0)).x), int(_add_2 / uvec2(textureSize(u_t0, 0)).x)), textureSize(u_t0, 0).y), 0);
    uint _add_3 = _mul + 4u;
    fragColor = vec4(uintBitsToFloat(texelFetch(u_t0, _flipY2i(u_flipY_t0, ivec2(int(_mul % uvec2(textureSize(u_t0, 0)).x), int(_mul / uvec2(textureSize(u_t0, 0)).x)), textureSize(u_t0, 0).y), 0).z) + float(texelFetch(u_t0, _flipY2i(u_flipY_t0, ivec2(int(_mul % uvec2(textureSize(u_t0, 0)).x), int(_mul / uvec2(textureSize(u_t0, 0)).x)), textureSize(u_t0, 0).y), 0).x) + float(int(texelFetch(u_t0, _flipY2i(u_flipY_t0, ivec2(int(_mul % uvec2(textureSize(u_t0, 0)).x), int(_mul / uvec2(textureSize(u_t0, 0)).x)), textureSize(u_t0, 0).y), 0).y)) + vec2(uintBitsToFloat(_v.x), uintBitsToFloat(_v.y)).x + vec3(uintBitsToFloat(_v_1.x), uintBitsToFloat(_v_1.y), uintBitsToFloat(_v_1.z)).y, vec4(uintBitsToFloat(_v_2.x), uintBitsToFloat(_v_2.y), uintBitsToFloat(_v_2.z), uintBitsToFloat(_v_2.w)).z, float(texelFetch(u_t0, _flipY2i(u_flipY_t0, ivec2(int(_add_3 % uvec2(textureSize(u_t0, 0)).x), int(_add_3 / uvec2(textureSize(u_t0, 0)).x)), textureSize(u_t0, 0).y), 0).w), 1.0);
}"
`;
